[30;47mTrying to load model from file: [30;47m
Running modules: [30;47mRunning modules: [s0.0/10.0 days. Mem 2 mB. #obj.=56 x64b/obj.=4873[u[s1.0/10.0 days. Mem 2 mB. #obj.=63 x64b/obj.=4331[u[s2.0/10.0 days. Mem 2 mB. #obj.=70 x64b/obj.=3898[u[s3.0/10.0 days. Mem 2 mB. #obj.=77 x64b/obj.=3544[u[s4.0/10.0 days. Mem 2 mB. #obj.=84 x64b/obj.=3248[u[s5.0/10.0 days. Mem 2 mB. #obj.=91 x64b/obj.=2998[u[s6.0/10.0 days. Mem 2 mB. #obj.=91 x64b/obj.=2998[u[s7.0/10.0 days. Mem 2 mB. #obj.=91 x64b/obj.=2998[u[s8.0/10.0 days. Mem 2 mB. #obj.=119 x64b/obj.=2293[u[s9.0/10.0 days. Mem 2 mB. #obj.=154 x64b/obj.=1861[u[s10.0/10.0 days. Mem 2 mB. #obj.=182 x64b/obj.=1575[u[32;47m[800C[1DOK[30;47m
Finalizing output:[32;47m[800C[1DOK[30;47m[34;47m
There are no warnings.[30;47m
Simulation took (hours:minutes:seconds): 0:0:0[0m
[30;47mTrying to load model from file: [30;47m
Running modules: [30;47mRunning modules: [s0.0/14.0 days. Mem 4 mB. #obj.=3602 x64b/obj.=157[u[s1.0/14.0 days. Mem 4 mB. #obj.=3602 x64b/obj.=157[u[s2.0/14.0 days. Mem 4 mB. #obj.=3823 x64b/obj.=156[u[s3.0/14.0 days. Mem 5 mB. #obj.=6740 x64b/obj.=106[u[s4.0/14.0 days. Mem 6 mB. #obj.=7640 x64b/obj.=107[u[s5.0/14.0 days. Mem 6 mB. #obj.=8510 x64b/obj.=106[u[s6.0/14.0 days. Mem 7 mB. #obj.=9780 x64b/obj.=103[u[s7.0/14.0 days. Mem 9 mB. #obj.=11020 x64b/obj.=107[u[s8.0/14.0 days. Mem 10 mB. #obj.=11691 x64b/obj.=112[u[s9.0/14.0 days. Mem 11 mB. #obj.=12446 x64b/obj.=123[u[s10.0/14.0 days. Mem 14 mB. #obj.=13552 x64b/obj.=141[u[s11.0/14.0 days. Mem 16 mB. #obj.=16293 x64b/obj.=131[u[s12.0/14.0 days. Mem 19 mB. #obj.=19537 x64b/obj.=131[u[s13.0/14.0 days. Mem 24 mB. #obj.=22549 x64b/obj.=142[u[s14.0/14.0 days. Mem 30 mB. #obj.=25259 x64b/obj.=159[u[32;47m[800C[1DOK[30;47m
Finalizing output:[32;47m[800C[1DOK[30;47m[34;47m
There are no warnings.[30;47m
Simulation took (hours:minutes:seconds): 0:0:2[0m
